// Vitest Snapshot v1, https://vitest.dev/guide/snapshot.html

exports[`@vuepress/plugin-shiki > fence preWrapper > :line-numbers / :no-line-numbers > should work properly if \`lineNumbers\` is disabled by default 1`] = `
"<div class="language-" data-highlighter="shiki" data-ext="" data-title="" style="background-color:#2e3440ff;color:#d8dee9ff"><pre class="shiki nord vp-code"><code><span class="line"><span>Raw text</span></span></code></pre>
</div><div class="language- line-numbers-mode" data-highlighter="shiki" data-ext="" data-title="" style="background-color:#2e3440ff;color:#d8dee9ff"><pre class="shiki nord vp-code"><code><span class="line"><span>Raw text</span></span></code></pre>
<div class="line-numbers" aria-hidden="true" style="counter-reset:line-number 0"><div class="line-number"></div></div></div><div class="language-" data-highlighter="shiki" data-ext="" data-title="" style="background-color:#2e3440ff;color:#d8dee9ff"><pre class="shiki nord vp-code"><code><span class="line"><span>Raw text</span></span></code></pre>
</div><div class="language-ts" data-highlighter="shiki" data-ext="ts" data-title="ts" style="background-color:#2e3440ff;color:#d8dee9ff"><pre class="shiki nord vp-code"><code><span class="line"><span style="color:#81A1C1">const</span><span style="color:#D8DEE9"> foo</span><span style="color:#81A1C1"> =</span><span style="color:#ECEFF4"> '</span><span style="color:#A3BE8C">foo</span><span style="color:#ECEFF4">'</span></span>
<span class="line"></span>
<span class="line"><span style="color:#81A1C1">function</span><span style="color:#88C0D0"> bar</span><span style="color:#ECEFF4"> ()</span><span style="color:#ECEFF4"> {</span></span>
<span class="line"><span style="color:#81A1C1">  return</span><span style="color:#B48EAD"> 1024</span></span>
<span class="line"><span style="color:#ECEFF4">}</span></span></code></pre>
</div><div class="language-ts line-numbers-mode" data-highlighter="shiki" data-ext="ts" data-title="ts" style="background-color:#2e3440ff;color:#d8dee9ff"><pre class="shiki nord vp-code"><code><span class="line"><span style="color:#81A1C1">const</span><span style="color:#D8DEE9"> foo</span><span style="color:#81A1C1"> =</span><span style="color:#ECEFF4"> '</span><span style="color:#A3BE8C">foo</span><span style="color:#ECEFF4">'</span></span>
<span class="line"></span>
<span class="line"><span style="color:#81A1C1">function</span><span style="color:#88C0D0"> bar</span><span style="color:#ECEFF4"> ()</span><span style="color:#ECEFF4"> {</span></span>
<span class="line"><span style="color:#81A1C1">  return</span><span style="color:#B48EAD"> 1024</span></span>
<span class="line"><span style="color:#ECEFF4">}</span></span></code></pre>
<div class="line-numbers" aria-hidden="true" style="counter-reset:line-number 0"><div class="line-number"></div><div class="line-number"></div><div class="line-number"></div><div class="line-number"></div><div class="line-number"></div></div></div><div class="language-ts" data-highlighter="shiki" data-ext="ts" data-title="ts" style="background-color:#2e3440ff;color:#d8dee9ff"><pre class="shiki nord vp-code"><code><span class="line"><span style="color:#81A1C1">const</span><span style="color:#D8DEE9"> foo</span><span style="color:#81A1C1"> =</span><span style="color:#ECEFF4"> '</span><span style="color:#A3BE8C">foo</span><span style="color:#ECEFF4">'</span></span>
<span class="line"></span>
<span class="line"><span style="color:#81A1C1">function</span><span style="color:#88C0D0"> bar</span><span style="color:#ECEFF4"> ()</span><span style="color:#ECEFF4"> {</span></span>
<span class="line"><span style="color:#81A1C1">  return</span><span style="color:#B48EAD"> 1024</span></span>
<span class="line"><span style="color:#ECEFF4">}</span></span></code></pre>
</div><div class="language-ts" data-highlighter="shiki" data-ext="ts" data-title="ts" style="background-color:#2e3440ff;color:#d8dee9ff"><pre class="shiki nord vp-code"><code><span class="line highlighted"><span style="color:#81A1C1">const</span><span style="color:#D8DEE9"> foo</span><span style="color:#81A1C1"> =</span><span style="color:#ECEFF4"> '</span><span style="color:#A3BE8C">foo</span><span style="color:#ECEFF4">'</span></span>
<span class="line highlighted"><wbr></span>
<span class="line"><span style="color:#81A1C1">function</span><span style="color:#88C0D0"> bar</span><span style="color:#ECEFF4"> ()</span><span style="color:#ECEFF4"> {</span></span>
<span class="line"><span style="color:#81A1C1">  return</span><span style="color:#B48EAD"> 1024</span></span>
<span class="line"><span style="color:#ECEFF4">}</span></span></code></pre>
</div><div class="language-ts line-numbers-mode" data-highlighter="shiki" data-ext="ts" data-title="ts" style="background-color:#2e3440ff;color:#d8dee9ff"><pre class="shiki nord vp-code"><code><span class="line highlighted"><span style="color:#81A1C1">const</span><span style="color:#D8DEE9"> foo</span><span style="color:#81A1C1"> =</span><span style="color:#ECEFF4"> '</span><span style="color:#A3BE8C">foo</span><span style="color:#ECEFF4">'</span></span>
<span class="line highlighted"><wbr></span>
<span class="line"><span style="color:#81A1C1">function</span><span style="color:#88C0D0"> bar</span><span style="color:#ECEFF4"> ()</span><span style="color:#ECEFF4"> {</span></span>
<span class="line"><span style="color:#81A1C1">  return</span><span style="color:#B48EAD"> 1024</span></span>
<span class="line"><span style="color:#ECEFF4">}</span></span></code></pre>
<div class="line-numbers" aria-hidden="true" style="counter-reset:line-number 0"><div class="line-number"></div><div class="line-number"></div><div class="line-number"></div><div class="line-number"></div><div class="line-number"></div></div></div><div class="language-ts" data-highlighter="shiki" data-ext="ts" data-title="config/foo.ts" style="background-color:#2e3440ff;color:#d8dee9ff"><pre class="shiki nord vp-code"><code><span class="line"><span style="color:#81A1C1">const</span><span style="color:#D8DEE9"> foo</span><span style="color:#81A1C1"> =</span><span style="color:#ECEFF4"> '</span><span style="color:#A3BE8C">foo</span><span style="color:#ECEFF4">'</span></span>
<span class="line"></span>
<span class="line"><span style="color:#81A1C1">function</span><span style="color:#88C0D0"> bar</span><span style="color:#ECEFF4"> ()</span><span style="color:#ECEFF4"> {</span></span>
<span class="line"><span style="color:#81A1C1">  return</span><span style="color:#B48EAD"> 1024</span></span>
<span class="line"><span style="color:#ECEFF4">}</span></span></code></pre>
</div>"
`;

exports[`@vuepress/plugin-shiki > fence preWrapper > :line-numbers / :no-line-numbers > should work properly if \`lineNumbers\` is enabled by default 1`] = `
"<div class="language- line-numbers-mode" data-highlighter="shiki" data-ext="" data-title="" style="background-color:#2e3440ff;color:#d8dee9ff"><pre class="shiki nord vp-code"><code><span class="line"><span>Raw text</span></span></code></pre>
<div class="line-numbers" aria-hidden="true" style="counter-reset:line-number 0"><div class="line-number"></div></div></div><div class="language- line-numbers-mode" data-highlighter="shiki" data-ext="" data-title="" style="background-color:#2e3440ff;color:#d8dee9ff"><pre class="shiki nord vp-code"><code><span class="line"><span>Raw text</span></span></code></pre>
<div class="line-numbers" aria-hidden="true" style="counter-reset:line-number 0"><div class="line-number"></div></div></div><div class="language-" data-highlighter="shiki" data-ext="" data-title="" style="background-color:#2e3440ff;color:#d8dee9ff"><pre class="shiki nord vp-code"><code><span class="line"><span>Raw text</span></span></code></pre>
</div><div class="language-ts line-numbers-mode" data-highlighter="shiki" data-ext="ts" data-title="ts" style="background-color:#2e3440ff;color:#d8dee9ff"><pre class="shiki nord vp-code"><code><span class="line"><span style="color:#81A1C1">const</span><span style="color:#D8DEE9"> foo</span><span style="color:#81A1C1"> =</span><span style="color:#ECEFF4"> '</span><span style="color:#A3BE8C">foo</span><span style="color:#ECEFF4">'</span></span>
<span class="line"></span>
<span class="line"><span style="color:#81A1C1">function</span><span style="color:#88C0D0"> bar</span><span style="color:#ECEFF4"> ()</span><span style="color:#ECEFF4"> {</span></span>
<span class="line"><span style="color:#81A1C1">  return</span><span style="color:#B48EAD"> 1024</span></span>
<span class="line"><span style="color:#ECEFF4">}</span></span></code></pre>
<div class="line-numbers" aria-hidden="true" style="counter-reset:line-number 0"><div class="line-number"></div><div class="line-number"></div><div class="line-number"></div><div class="line-number"></div><div class="line-number"></div></div></div><div class="language-ts line-numbers-mode" data-highlighter="shiki" data-ext="ts" data-title="ts" style="background-color:#2e3440ff;color:#d8dee9ff"><pre class="shiki nord vp-code"><code><span class="line"><span style="color:#81A1C1">const</span><span style="color:#D8DEE9"> foo</span><span style="color:#81A1C1"> =</span><span style="color:#ECEFF4"> '</span><span style="color:#A3BE8C">foo</span><span style="color:#ECEFF4">'</span></span>
<span class="line"></span>
<span class="line"><span style="color:#81A1C1">function</span><span style="color:#88C0D0"> bar</span><span style="color:#ECEFF4"> ()</span><span style="color:#ECEFF4"> {</span></span>
<span class="line"><span style="color:#81A1C1">  return</span><span style="color:#B48EAD"> 1024</span></span>
<span class="line"><span style="color:#ECEFF4">}</span></span></code></pre>
<div class="line-numbers" aria-hidden="true" style="counter-reset:line-number 0"><div class="line-number"></div><div class="line-number"></div><div class="line-number"></div><div class="line-number"></div><div class="line-number"></div></div></div><div class="language-ts" data-highlighter="shiki" data-ext="ts" data-title="ts" style="background-color:#2e3440ff;color:#d8dee9ff"><pre class="shiki nord vp-code"><code><span class="line"><span style="color:#81A1C1">const</span><span style="color:#D8DEE9"> foo</span><span style="color:#81A1C1"> =</span><span style="color:#ECEFF4"> '</span><span style="color:#A3BE8C">foo</span><span style="color:#ECEFF4">'</span></span>
<span class="line"></span>
<span class="line"><span style="color:#81A1C1">function</span><span style="color:#88C0D0"> bar</span><span style="color:#ECEFF4"> ()</span><span style="color:#ECEFF4"> {</span></span>
<span class="line"><span style="color:#81A1C1">  return</span><span style="color:#B48EAD"> 1024</span></span>
<span class="line"><span style="color:#ECEFF4">}</span></span></code></pre>
</div><div class="language-ts line-numbers-mode" data-highlighter="shiki" data-ext="ts" data-title="ts" style="background-color:#2e3440ff;color:#d8dee9ff"><pre class="shiki nord vp-code"><code><span class="line highlighted"><span style="color:#81A1C1">const</span><span style="color:#D8DEE9"> foo</span><span style="color:#81A1C1"> =</span><span style="color:#ECEFF4"> '</span><span style="color:#A3BE8C">foo</span><span style="color:#ECEFF4">'</span></span>
<span class="line highlighted"><wbr></span>
<span class="line"><span style="color:#81A1C1">function</span><span style="color:#88C0D0"> bar</span><span style="color:#ECEFF4"> ()</span><span style="color:#ECEFF4"> {</span></span>
<span class="line"><span style="color:#81A1C1">  return</span><span style="color:#B48EAD"> 1024</span></span>
<span class="line"><span style="color:#ECEFF4">}</span></span></code></pre>
<div class="line-numbers" aria-hidden="true" style="counter-reset:line-number 0"><div class="line-number"></div><div class="line-number"></div><div class="line-number"></div><div class="line-number"></div><div class="line-number"></div></div></div><div class="language-ts line-numbers-mode" data-highlighter="shiki" data-ext="ts" data-title="ts" style="background-color:#2e3440ff;color:#d8dee9ff"><pre class="shiki nord vp-code"><code><span class="line highlighted"><span style="color:#81A1C1">const</span><span style="color:#D8DEE9"> foo</span><span style="color:#81A1C1"> =</span><span style="color:#ECEFF4"> '</span><span style="color:#A3BE8C">foo</span><span style="color:#ECEFF4">'</span></span>
<span class="line highlighted"><wbr></span>
<span class="line"><span style="color:#81A1C1">function</span><span style="color:#88C0D0"> bar</span><span style="color:#ECEFF4"> ()</span><span style="color:#ECEFF4"> {</span></span>
<span class="line"><span style="color:#81A1C1">  return</span><span style="color:#B48EAD"> 1024</span></span>
<span class="line"><span style="color:#ECEFF4">}</span></span></code></pre>
<div class="line-numbers" aria-hidden="true" style="counter-reset:line-number 0"><div class="line-number"></div><div class="line-number"></div><div class="line-number"></div><div class="line-number"></div><div class="line-number"></div></div></div><div class="language-ts" data-highlighter="shiki" data-ext="ts" data-title="config/foo.ts" style="background-color:#2e3440ff;color:#d8dee9ff"><pre class="shiki nord vp-code"><code><span class="line"><span style="color:#81A1C1">const</span><span style="color:#D8DEE9"> foo</span><span style="color:#81A1C1"> =</span><span style="color:#ECEFF4"> '</span><span style="color:#A3BE8C">foo</span><span style="color:#ECEFF4">'</span></span>
<span class="line"></span>
<span class="line"><span style="color:#81A1C1">function</span><span style="color:#88C0D0"> bar</span><span style="color:#ECEFF4"> ()</span><span style="color:#ECEFF4"> {</span></span>
<span class="line"><span style="color:#81A1C1">  return</span><span style="color:#B48EAD"> 1024</span></span>
<span class="line"><span style="color:#ECEFF4">}</span></span></code></pre>
</div>"
`;

exports[`@vuepress/plugin-shiki > fence preWrapper > :line-numbers / :no-line-numbers > should work properly if \`lineNumbers\` is set to a number by default 1`] = `
"<div class="language-" data-highlighter="shiki" data-ext="" data-title="" style="background-color:#2e3440ff;color:#d8dee9ff"><pre class="shiki nord vp-code"><code><span class="line"><span>Raw text</span></span></code></pre>
</div><div class="language- line-numbers-mode" data-highlighter="shiki" data-ext="" data-title="" style="background-color:#2e3440ff;color:#d8dee9ff"><pre class="shiki nord vp-code"><code><span class="line"><span>Raw text</span></span></code></pre>
<div class="line-numbers" aria-hidden="true" style="counter-reset:line-number 0"><div class="line-number"></div></div></div><div class="language-" data-highlighter="shiki" data-ext="" data-title="" style="background-color:#2e3440ff;color:#d8dee9ff"><pre class="shiki nord vp-code"><code><span class="line"><span>Raw text</span></span></code></pre>
</div><div class="language-ts line-numbers-mode" data-highlighter="shiki" data-ext="ts" data-title="ts" style="background-color:#2e3440ff;color:#d8dee9ff"><pre class="shiki nord vp-code"><code><span class="line"><span style="color:#81A1C1">const</span><span style="color:#D8DEE9"> foo</span><span style="color:#81A1C1"> =</span><span style="color:#ECEFF4"> '</span><span style="color:#A3BE8C">foo</span><span style="color:#ECEFF4">'</span></span>
<span class="line"></span>
<span class="line"><span style="color:#81A1C1">function</span><span style="color:#88C0D0"> bar</span><span style="color:#ECEFF4"> ()</span><span style="color:#ECEFF4"> {</span></span>
<span class="line"><span style="color:#81A1C1">  return</span><span style="color:#B48EAD"> 1024</span></span>
<span class="line"><span style="color:#ECEFF4">}</span></span></code></pre>
<div class="line-numbers" aria-hidden="true" style="counter-reset:line-number 0"><div class="line-number"></div><div class="line-number"></div><div class="line-number"></div><div class="line-number"></div><div class="line-number"></div></div></div><div class="language-ts line-numbers-mode" data-highlighter="shiki" data-ext="ts" data-title="ts" style="background-color:#2e3440ff;color:#d8dee9ff"><pre class="shiki nord vp-code"><code><span class="line"><span style="color:#81A1C1">const</span><span style="color:#D8DEE9"> foo</span><span style="color:#81A1C1"> =</span><span style="color:#ECEFF4"> '</span><span style="color:#A3BE8C">foo</span><span style="color:#ECEFF4">'</span></span>
<span class="line"></span>
<span class="line"><span style="color:#81A1C1">function</span><span style="color:#88C0D0"> bar</span><span style="color:#ECEFF4"> ()</span><span style="color:#ECEFF4"> {</span></span>
<span class="line"><span style="color:#81A1C1">  return</span><span style="color:#B48EAD"> 1024</span></span>
<span class="line"><span style="color:#ECEFF4">}</span></span></code></pre>
<div class="line-numbers" aria-hidden="true" style="counter-reset:line-number 0"><div class="line-number"></div><div class="line-number"></div><div class="line-number"></div><div class="line-number"></div><div class="line-number"></div></div></div><div class="language-ts" data-highlighter="shiki" data-ext="ts" data-title="ts" style="background-color:#2e3440ff;color:#d8dee9ff"><pre class="shiki nord vp-code"><code><span class="line"><span style="color:#81A1C1">const</span><span style="color:#D8DEE9"> foo</span><span style="color:#81A1C1"> =</span><span style="color:#ECEFF4"> '</span><span style="color:#A3BE8C">foo</span><span style="color:#ECEFF4">'</span></span>
<span class="line"></span>
<span class="line"><span style="color:#81A1C1">function</span><span style="color:#88C0D0"> bar</span><span style="color:#ECEFF4"> ()</span><span style="color:#ECEFF4"> {</span></span>
<span class="line"><span style="color:#81A1C1">  return</span><span style="color:#B48EAD"> 1024</span></span>
<span class="line"><span style="color:#ECEFF4">}</span></span></code></pre>
</div><div class="language-ts line-numbers-mode" data-highlighter="shiki" data-ext="ts" data-title="ts" style="background-color:#2e3440ff;color:#d8dee9ff"><pre class="shiki nord vp-code"><code><span class="line highlighted"><span style="color:#81A1C1">const</span><span style="color:#D8DEE9"> foo</span><span style="color:#81A1C1"> =</span><span style="color:#ECEFF4"> '</span><span style="color:#A3BE8C">foo</span><span style="color:#ECEFF4">'</span></span>
<span class="line highlighted"><wbr></span>
<span class="line"><span style="color:#81A1C1">function</span><span style="color:#88C0D0"> bar</span><span style="color:#ECEFF4"> ()</span><span style="color:#ECEFF4"> {</span></span>
<span class="line"><span style="color:#81A1C1">  return</span><span style="color:#B48EAD"> 1024</span></span>
<span class="line"><span style="color:#ECEFF4">}</span></span></code></pre>
<div class="line-numbers" aria-hidden="true" style="counter-reset:line-number 0"><div class="line-number"></div><div class="line-number"></div><div class="line-number"></div><div class="line-number"></div><div class="line-number"></div></div></div><div class="language-ts line-numbers-mode" data-highlighter="shiki" data-ext="ts" data-title="ts" style="background-color:#2e3440ff;color:#d8dee9ff"><pre class="shiki nord vp-code"><code><span class="line highlighted"><span style="color:#81A1C1">const</span><span style="color:#D8DEE9"> foo</span><span style="color:#81A1C1"> =</span><span style="color:#ECEFF4"> '</span><span style="color:#A3BE8C">foo</span><span style="color:#ECEFF4">'</span></span>
<span class="line highlighted"><wbr></span>
<span class="line"><span style="color:#81A1C1">function</span><span style="color:#88C0D0"> bar</span><span style="color:#ECEFF4"> ()</span><span style="color:#ECEFF4"> {</span></span>
<span class="line"><span style="color:#81A1C1">  return</span><span style="color:#B48EAD"> 1024</span></span>
<span class="line"><span style="color:#ECEFF4">}</span></span></code></pre>
<div class="line-numbers" aria-hidden="true" style="counter-reset:line-number 0"><div class="line-number"></div><div class="line-number"></div><div class="line-number"></div><div class="line-number"></div><div class="line-number"></div></div></div><div class="language-ts" data-highlighter="shiki" data-ext="ts" data-title="config/foo.ts" style="background-color:#2e3440ff;color:#d8dee9ff"><pre class="shiki nord vp-code"><code><span class="line"><span style="color:#81A1C1">const</span><span style="color:#D8DEE9"> foo</span><span style="color:#81A1C1"> =</span><span style="color:#ECEFF4"> '</span><span style="color:#A3BE8C">foo</span><span style="color:#ECEFF4">'</span></span>
<span class="line"></span>
<span class="line"><span style="color:#81A1C1">function</span><span style="color:#88C0D0"> bar</span><span style="color:#ECEFF4"> ()</span><span style="color:#ECEFF4"> {</span></span>
<span class="line"><span style="color:#81A1C1">  return</span><span style="color:#B48EAD"> 1024</span></span>
<span class="line"><span style="color:#ECEFF4">}</span></span></code></pre>
</div>"
`;

exports[`@vuepress/plugin-shiki > fence preWrapper > :line-numbers=number > should work properly if \`lineNumbers\` is disabled by default 1`] = `
"<div class="language-ts line-numbers-mode" data-highlighter="shiki" data-ext="ts" data-title="ts" style="background-color:#2e3440ff;color:#d8dee9ff"><pre class="shiki nord vp-code"><code><span class="line"><span style="color:#81A1C1">const</span><span style="color:#D8DEE9"> line2</span><span style="color:#81A1C1"> =</span><span style="color:#ECEFF4"> '</span><span style="color:#A3BE8C">line 2</span><span style="color:#ECEFF4">'</span></span>
<span class="line"><span style="color:#81A1C1">const</span><span style="color:#D8DEE9"> line3</span><span style="color:#81A1C1"> =</span><span style="color:#ECEFF4"> '</span><span style="color:#A3BE8C">line 3</span><span style="color:#ECEFF4">'</span></span></code></pre>
<div class="line-numbers" aria-hidden="true" style="counter-reset:line-number 1"><div class="line-number"></div><div class="line-number"></div></div></div><div class="language-ts line-numbers-mode" data-highlighter="shiki" data-ext="ts" data-title="ts" style="background-color:#2e3440ff;color:#d8dee9ff"><pre class="shiki nord vp-code"><code><span class="line"><span style="color:#81A1C1">const</span><span style="color:#D8DEE9"> line3</span><span style="color:#81A1C1"> =</span><span style="color:#ECEFF4"> '</span><span style="color:#A3BE8C">line 3</span><span style="color:#ECEFF4">'</span></span>
<span class="line highlighted"><span style="color:#81A1C1">const</span><span style="color:#D8DEE9"> line4</span><span style="color:#81A1C1"> =</span><span style="color:#ECEFF4"> '</span><span style="color:#A3BE8C">line 4</span><span style="color:#ECEFF4">'</span></span>
<span class="line highlighted"><span style="color:#81A1C1">const</span><span style="color:#D8DEE9"> line5</span><span style="color:#81A1C1"> =</span><span style="color:#ECEFF4"> '</span><span style="color:#A3BE8C">line 5</span><span style="color:#ECEFF4">'</span></span></code></pre>
<div class="line-numbers" aria-hidden="true" style="counter-reset:line-number 2"><div class="line-number"></div><div class="line-number"></div><div class="line-number"></div></div></div><div class="language-ts line-numbers-mode" data-highlighter="shiki" data-ext="ts" data-title="config/foo.ts" style="background-color:#2e3440ff;color:#d8dee9ff"><pre class="shiki nord vp-code"><code><span class="line"><span style="color:#81A1C1">const</span><span style="color:#D8DEE9"> line10</span><span style="color:#81A1C1"> =</span><span style="color:#ECEFF4"> '</span><span style="color:#A3BE8C">line 10</span><span style="color:#ECEFF4">'</span></span>
<span class="line"><span style="color:#81A1C1">const</span><span style="color:#D8DEE9"> line11</span><span style="color:#81A1C1"> =</span><span style="color:#ECEFF4"> '</span><span style="color:#A3BE8C">line 11</span><span style="color:#ECEFF4">'</span></span></code></pre>
<div class="line-numbers" aria-hidden="true" style="counter-reset:line-number 9"><div class="line-number"></div><div class="line-number"></div></div></div>"
`;

exports[`@vuepress/plugin-shiki > fence preWrapper > :line-numbers=number > should work properly if \`lineNumbers\` is enabled by default 1`] = `
"<div class="language-ts line-numbers-mode" data-highlighter="shiki" data-ext="ts" data-title="ts" style="background-color:#2e3440ff;color:#d8dee9ff"><pre class="shiki nord vp-code"><code><span class="line"><span style="color:#81A1C1">const</span><span style="color:#D8DEE9"> line2</span><span style="color:#81A1C1"> =</span><span style="color:#ECEFF4"> '</span><span style="color:#A3BE8C">line 2</span><span style="color:#ECEFF4">'</span></span>
<span class="line"><span style="color:#81A1C1">const</span><span style="color:#D8DEE9"> line3</span><span style="color:#81A1C1"> =</span><span style="color:#ECEFF4"> '</span><span style="color:#A3BE8C">line 3</span><span style="color:#ECEFF4">'</span></span></code></pre>
<div class="line-numbers" aria-hidden="true" style="counter-reset:line-number 1"><div class="line-number"></div><div class="line-number"></div></div></div><div class="language-ts line-numbers-mode" data-highlighter="shiki" data-ext="ts" data-title="ts" style="background-color:#2e3440ff;color:#d8dee9ff"><pre class="shiki nord vp-code"><code><span class="line"><span style="color:#81A1C1">const</span><span style="color:#D8DEE9"> line3</span><span style="color:#81A1C1"> =</span><span style="color:#ECEFF4"> '</span><span style="color:#A3BE8C">line 3</span><span style="color:#ECEFF4">'</span></span>
<span class="line highlighted"><span style="color:#81A1C1">const</span><span style="color:#D8DEE9"> line4</span><span style="color:#81A1C1"> =</span><span style="color:#ECEFF4"> '</span><span style="color:#A3BE8C">line 4</span><span style="color:#ECEFF4">'</span></span>
<span class="line highlighted"><span style="color:#81A1C1">const</span><span style="color:#D8DEE9"> line5</span><span style="color:#81A1C1"> =</span><span style="color:#ECEFF4"> '</span><span style="color:#A3BE8C">line 5</span><span style="color:#ECEFF4">'</span></span></code></pre>
<div class="line-numbers" aria-hidden="true" style="counter-reset:line-number 2"><div class="line-number"></div><div class="line-number"></div><div class="line-number"></div></div></div><div class="language-ts line-numbers-mode" data-highlighter="shiki" data-ext="ts" data-title="config/foo.ts" style="background-color:#2e3440ff;color:#d8dee9ff"><pre class="shiki nord vp-code"><code><span class="line"><span style="color:#81A1C1">const</span><span style="color:#D8DEE9"> line10</span><span style="color:#81A1C1"> =</span><span style="color:#ECEFF4"> '</span><span style="color:#A3BE8C">line 10</span><span style="color:#ECEFF4">'</span></span>
<span class="line"><span style="color:#81A1C1">const</span><span style="color:#D8DEE9"> line11</span><span style="color:#81A1C1"> =</span><span style="color:#ECEFF4"> '</span><span style="color:#A3BE8C">line 11</span><span style="color:#ECEFF4">'</span></span></code></pre>
<div class="line-numbers" aria-hidden="true" style="counter-reset:line-number 9"><div class="line-number"></div><div class="line-number"></div></div></div>"
`;

exports[`@vuepress/plugin-shiki > fence preWrapper > :line-numbers=number > should work properly if \`lineNumbers\` is set to a number by default 1`] = `
"<div class="language-ts line-numbers-mode" data-highlighter="shiki" data-ext="ts" data-title="ts" style="background-color:#2e3440ff;color:#d8dee9ff"><pre class="shiki nord vp-code"><code><span class="line"><span style="color:#81A1C1">const</span><span style="color:#D8DEE9"> line2</span><span style="color:#81A1C1"> =</span><span style="color:#ECEFF4"> '</span><span style="color:#A3BE8C">line 2</span><span style="color:#ECEFF4">'</span></span>
<span class="line"><span style="color:#81A1C1">const</span><span style="color:#D8DEE9"> line3</span><span style="color:#81A1C1"> =</span><span style="color:#ECEFF4"> '</span><span style="color:#A3BE8C">line 3</span><span style="color:#ECEFF4">'</span></span></code></pre>
<div class="line-numbers" aria-hidden="true" style="counter-reset:line-number 1"><div class="line-number"></div><div class="line-number"></div></div></div><div class="language-ts line-numbers-mode" data-highlighter="shiki" data-ext="ts" data-title="ts" style="background-color:#2e3440ff;color:#d8dee9ff"><pre class="shiki nord vp-code"><code><span class="line"><span style="color:#81A1C1">const</span><span style="color:#D8DEE9"> line3</span><span style="color:#81A1C1"> =</span><span style="color:#ECEFF4"> '</span><span style="color:#A3BE8C">line 3</span><span style="color:#ECEFF4">'</span></span>
<span class="line highlighted"><span style="color:#81A1C1">const</span><span style="color:#D8DEE9"> line4</span><span style="color:#81A1C1"> =</span><span style="color:#ECEFF4"> '</span><span style="color:#A3BE8C">line 4</span><span style="color:#ECEFF4">'</span></span>
<span class="line highlighted"><span style="color:#81A1C1">const</span><span style="color:#D8DEE9"> line5</span><span style="color:#81A1C1"> =</span><span style="color:#ECEFF4"> '</span><span style="color:#A3BE8C">line 5</span><span style="color:#ECEFF4">'</span></span></code></pre>
<div class="line-numbers" aria-hidden="true" style="counter-reset:line-number 2"><div class="line-number"></div><div class="line-number"></div><div class="line-number"></div></div></div><div class="language-ts line-numbers-mode" data-highlighter="shiki" data-ext="ts" data-title="config/foo.ts" style="background-color:#2e3440ff;color:#d8dee9ff"><pre class="shiki nord vp-code"><code><span class="line"><span style="color:#81A1C1">const</span><span style="color:#D8DEE9"> line10</span><span style="color:#81A1C1"> =</span><span style="color:#ECEFF4"> '</span><span style="color:#A3BE8C">line 10</span><span style="color:#ECEFF4">'</span></span>
<span class="line"><span style="color:#81A1C1">const</span><span style="color:#D8DEE9"> line11</span><span style="color:#81A1C1"> =</span><span style="color:#ECEFF4"> '</span><span style="color:#A3BE8C">line 11</span><span style="color:#ECEFF4">'</span></span></code></pre>
<div class="line-numbers" aria-hidden="true" style="counter-reset:line-number 9"><div class="line-number"></div><div class="line-number"></div></div></div>"
`;

exports[`@vuepress/plugin-shiki > fence preWrapper > notation transformers > should work notation enabled 1`] = `
"<div class="language-ts line-numbers-mode" data-highlighter="shiki" data-ext="ts" data-title="ts" style="background-color:#2e3440ff;color:#d8dee9ff"><pre class="shiki nord has-diff has-focused-lines has-highlighted vp-code"><code><span class="line highlighted"><span style="color:#81A1C1">const</span><span style="color:#D8DEE9"> foo</span><span style="color:#81A1C1"> =</span><span style="color:#ECEFF4"> '</span><span style="color:#A3BE8C">foo</span><span style="color:#ECEFF4">'</span></span>
<span class="line diff add"><span style="color:#81A1C1">const</span><span style="color:#D8DEE9"> bar</span><span style="color:#81A1C1"> =</span><span style="color:#ECEFF4"> '</span><span style="color:#A3BE8C">bar</span><span style="color:#ECEFF4">'</span></span>
<span class="line diff remove"><span style="color:#81A1C1">const</span><span style="color:#D8DEE9"> baz</span><span style="color:#81A1C1"> =</span><span style="color:#ECEFF4"> '</span><span style="color:#A3BE8C">baz</span><span style="color:#ECEFF4">'</span></span>
<span class="line highlighted warning"><span style="color:#81A1C1">const</span><span style="color:#D8DEE9"> bax</span><span style="color:#81A1C1"> =</span><span style="color:#ECEFF4"> '</span><span style="color:#A3BE8C">bax</span><span style="color:#ECEFF4">'</span></span>
<span class="line highlighted error"><span style="color:#81A1C1">const</span><span style="color:#D8DEE9"> buz</span><span style="color:#81A1C1"> =</span><span style="color:#ECEFF4"> '</span><span style="color:#A3BE8C">buz</span><span style="color:#ECEFF4">'</span></span>
<span class="line has-focus"><span style="color:#81A1C1">const</span><span style="color:#D8DEE9"> qux</span><span style="color:#81A1C1"> =</span><span style="color:#ECEFF4"> '</span><span style="color:#A3BE8C">qux</span><span style="color:#ECEFF4">'</span></span></code></pre>
<div class="line-numbers" aria-hidden="true" style="counter-reset:line-number 0"><div class="line-number"></div><div class="line-number"></div><div class="line-number"></div><div class="line-number"></div><div class="line-number"></div><div class="line-number"></div></div></div><div class="language-ts line-numbers-mode" data-highlighter="shiki" data-ext="ts" data-title="ts" style="background-color:#2e3440ff;color:#d8dee9ff"><pre class="shiki nord has-highlighted vp-code"><code>
<span class="line highlighted"><span style="color:#81A1C1">const</span><span style="color:#D8DEE9"> foo</span><span style="color:#81A1C1"> =</span><span style="color:#ECEFF4"> '</span><span style="color:#A3BE8C">foo</span><span style="color:#ECEFF4">'</span></span>
<span class="line highlighted"><span style="color:#81A1C1">const</span><span style="color:#D8DEE9"> bar</span><span style="color:#81A1C1"> =</span><span style="color:#ECEFF4"> '</span><span style="color:#A3BE8C">bar</span><span style="color:#ECEFF4">'</span></span></code></pre>
<div class="line-numbers" aria-hidden="true" style="counter-reset:line-number 0"><div class="line-number"></div><div class="line-number"></div><div class="line-number"></div></div></div><div class="language-ts line-numbers-mode" data-highlighter="shiki" data-ext="ts" data-title="ts" style="background-color:#2e3440ff;color:#d8dee9ff"><pre class="shiki nord vp-code"><code><span class="line"><span style="color:#81A1C1">const</span><span style="color:#D8DEE9"> message</span><span style="color:#81A1C1"> =</span><span style="color:#ECEFF4"> '</span><span style="color:#A3BE8C" class="highlighted-word">Hello</span><span style="color:#A3BE8C"> World</span><span style="color:#ECEFF4">'</span></span>
<span class="line"><span style="color:#D8DEE9">console</span><span style="color:#ECEFF4">.</span><span style="color:#88C0D0">log</span><span style="color:#D8DEE9FF">(</span><span style="color:#D8DEE9">message</span><span style="color:#D8DEE9FF">) </span><span style="color:#616E88">// prints </span><span style="color:#616E88" class="highlighted-word">Hello</span><span style="color:#616E88"> World</span></span></code></pre>
<div class="line-numbers" aria-hidden="true" style="counter-reset:line-number 0"><div class="line-number"></div><div class="line-number"></div></div></div><div class="language-ts line-numbers-mode" data-highlighter="shiki" data-ext="ts" data-title="ts" style="background-color:#2e3440ff;color:#d8dee9ff"><pre class="shiki nord vp-code"><code><span class="line"><span style="color:#81A1C1">const</span><span style="color:#D8DEE9"> msg</span><span style="color:#81A1C1"> =</span><span style="color:#ECEFF4"> '</span><span style="color:#A3BE8C" class="highlighted-word">Hello</span><span style="color:#A3BE8C"> World</span><span style="color:#ECEFF4">'</span></span>
<span class="line"><span style="color:#D8DEE9">console</span><span style="color:#ECEFF4">.</span><span style="color:#88C0D0">log</span><span style="color:#D8DEE9FF">(</span><span style="color:#D8DEE9">msg</span><span style="color:#D8DEE9FF">)</span></span>
<span class="line"><span style="color:#D8DEE9">console</span><span style="color:#ECEFF4">.</span><span style="color:#88C0D0">log</span><span style="color:#D8DEE9FF">(</span><span style="color:#D8DEE9">msg</span><span style="color:#D8DEE9FF">) </span><span style="color:#616E88">// prints </span><span style="color:#616E88" class="highlighted-word">Hello</span><span style="color:#616E88"> World</span></span></code></pre>
<div class="line-numbers" aria-hidden="true" style="counter-reset:line-number 0"><div class="line-number"></div><div class="line-number"></div><div class="line-number"></div></div></div>"
`;

exports[`@vuepress/plugin-shiki > fence preWrapper > plugin options > should disable \`highlightLines\` 1`] = `
"<div class="language- line-numbers-mode" data-highlighter="shiki" data-ext="" data-title="" style="background-color:#2e3440ff;color:#d8dee9ff"><pre class="shiki nord vp-code"><code><span class="line"><span>Raw text</span></span></code></pre>
<div class="line-numbers" aria-hidden="true" style="counter-reset:line-number 0"><div class="line-number"></div></div></div><div class="language-ts line-numbers-mode" data-highlighter="shiki" data-ext="ts" data-title="ts" style="background-color:#2e3440ff;color:#d8dee9ff"><pre class="shiki nord vp-code"><code><span class="line"><span style="color:#81A1C1">const</span><span style="color:#D8DEE9"> foo</span><span style="color:#81A1C1"> =</span><span style="color:#ECEFF4"> '</span><span style="color:#A3BE8C">foo</span><span style="color:#ECEFF4">'</span></span>
<span class="line"></span>
<span class="line"><span style="color:#81A1C1">function</span><span style="color:#88C0D0"> bar</span><span style="color:#ECEFF4"> ()</span><span style="color:#ECEFF4"> {</span></span>
<span class="line"><span style="color:#81A1C1">  return</span><span style="color:#B48EAD"> 1024</span></span>
<span class="line"><span style="color:#ECEFF4">}</span></span></code></pre>
<div class="line-numbers" aria-hidden="true" style="counter-reset:line-number 0"><div class="line-number"></div><div class="line-number"></div><div class="line-number"></div><div class="line-number"></div><div class="line-number"></div></div></div><div class="language-ts line-numbers-mode" data-highlighter="shiki" data-ext="ts" data-title="ts" style="background-color:#2e3440ff;color:#d8dee9ff"><pre class="shiki nord vp-code"><code><span class="line"><span style="color:#81A1C1">const</span><span style="color:#D8DEE9"> foo</span><span style="color:#81A1C1"> =</span><span style="color:#ECEFF4"> '</span><span style="color:#A3BE8C">foo</span><span style="color:#ECEFF4">'</span></span>
<span class="line"></span>
<span class="line"><span style="color:#81A1C1">function</span><span style="color:#88C0D0"> bar</span><span style="color:#ECEFF4"> ()</span><span style="color:#ECEFF4"> {</span></span>
<span class="line"><span style="color:#81A1C1">  return</span><span style="color:#B48EAD"> 1024</span></span>
<span class="line"><span style="color:#ECEFF4">}</span></span></code></pre>
<div class="line-numbers" aria-hidden="true" style="counter-reset:line-number 0"><div class="line-number"></div><div class="line-number"></div><div class="line-number"></div><div class="line-number"></div><div class="line-number"></div></div></div><div class="language-ts line-numbers-mode" data-highlighter="shiki" data-ext="ts" data-title="config/foo.ts" style="background-color:#2e3440ff;color:#d8dee9ff"><pre class="shiki nord vp-code"><code><span class="line"><span style="color:#81A1C1">const</span><span style="color:#D8DEE9"> foo</span><span style="color:#81A1C1"> =</span><span style="color:#ECEFF4"> '</span><span style="color:#A3BE8C">foo</span><span style="color:#ECEFF4">'</span></span>
<span class="line"></span>
<span class="line"><span style="color:#81A1C1">function</span><span style="color:#88C0D0"> bar</span><span style="color:#ECEFF4"> ()</span><span style="color:#ECEFF4"> {</span></span>
<span class="line"><span style="color:#81A1C1">  return</span><span style="color:#B48EAD"> 1024</span></span>
<span class="line"><span style="color:#ECEFF4">}</span></span>
<span class="line"></span>
<span class="line"><span style="color:#81A1C1">const</span><span style="color:#88C0D0"> baz</span><span style="color:#81A1C1"> =</span><span style="color:#ECEFF4"> ()</span><span style="color:#81A1C1"> =></span><span style="color:#ECEFF4"> {</span></span>
<span class="line"><span style="color:#81A1C1">  return</span><span style="color:#B48EAD"> 2048</span></span>
<span class="line"><span style="color:#ECEFF4">}</span></span></code></pre>
<div class="line-numbers" aria-hidden="true" style="counter-reset:line-number 0"><div class="line-number"></div><div class="line-number"></div><div class="line-number"></div><div class="line-number"></div><div class="line-number"></div><div class="line-number"></div><div class="line-number"></div><div class="line-number"></div><div class="line-number"></div></div></div><div class="language-ts line-numbers-mode" data-highlighter="shiki" data-ext="ts" data-title="ts" style="background-color:#2e3440ff;color:#d8dee9ff"><pre class="shiki nord vp-code"><code><span class="line"><span style="color:#D8DEE9">console</span><span style="color:#ECEFF4">.</span><span style="color:#88C0D0">log</span><span style="color:#D8DEE9FF">(</span><span style="color:#ECEFF4">'</span><span style="color:#A3BE8C">1 + 2 + 3 =</span><span style="color:#ECEFF4">'</span><span style="color:#81A1C1"> +</span><span style="color:#D8DEE9"> {{ 1 + 2 + 3 }}</span><span style="color:#D8DEE9FF">)</span></span></code></pre>
<div class="line-numbers" aria-hidden="true" style="counter-reset:line-number 0"><div class="line-number"></div></div></div><p><code>{{ inlineCode }}</code></p>
"
`;

exports[`@vuepress/plugin-shiki > fence preWrapper > plugin options > should disable \`lineNumbers\` 1`] = `
"<div class="language-" data-highlighter="shiki" data-ext="" data-title="" style="background-color:#2e3440ff;color:#d8dee9ff"><pre class="shiki nord vp-code"><code><span class="line"><span>Raw text</span></span></code></pre>
</div><div class="language-ts" data-highlighter="shiki" data-ext="ts" data-title="ts" style="background-color:#2e3440ff;color:#d8dee9ff"><pre class="shiki nord vp-code"><code><span class="line"><span style="color:#81A1C1">const</span><span style="color:#D8DEE9"> foo</span><span style="color:#81A1C1"> =</span><span style="color:#ECEFF4"> '</span><span style="color:#A3BE8C">foo</span><span style="color:#ECEFF4">'</span></span>
<span class="line"></span>
<span class="line"><span style="color:#81A1C1">function</span><span style="color:#88C0D0"> bar</span><span style="color:#ECEFF4"> ()</span><span style="color:#ECEFF4"> {</span></span>
<span class="line"><span style="color:#81A1C1">  return</span><span style="color:#B48EAD"> 1024</span></span>
<span class="line"><span style="color:#ECEFF4">}</span></span></code></pre>
</div><div class="language-ts" data-highlighter="shiki" data-ext="ts" data-title="ts" style="background-color:#2e3440ff;color:#d8dee9ff"><pre class="shiki nord vp-code"><code><span class="line highlighted"><span style="color:#81A1C1">const</span><span style="color:#D8DEE9"> foo</span><span style="color:#81A1C1"> =</span><span style="color:#ECEFF4"> '</span><span style="color:#A3BE8C">foo</span><span style="color:#ECEFF4">'</span></span>
<span class="line highlighted"><wbr></span>
<span class="line"><span style="color:#81A1C1">function</span><span style="color:#88C0D0"> bar</span><span style="color:#ECEFF4"> ()</span><span style="color:#ECEFF4"> {</span></span>
<span class="line"><span style="color:#81A1C1">  return</span><span style="color:#B48EAD"> 1024</span></span>
<span class="line"><span style="color:#ECEFF4">}</span></span></code></pre>
</div><div class="language-ts" data-highlighter="shiki" data-ext="ts" data-title="config/foo.ts" style="background-color:#2e3440ff;color:#d8dee9ff"><pre class="shiki nord vp-code"><code><span class="line highlighted"><span style="color:#81A1C1">const</span><span style="color:#D8DEE9"> foo</span><span style="color:#81A1C1"> =</span><span style="color:#ECEFF4"> '</span><span style="color:#A3BE8C">foo</span><span style="color:#ECEFF4">'</span></span>
<span class="line highlighted"><wbr></span>
<span class="line highlighted"><span style="color:#81A1C1">function</span><span style="color:#88C0D0"> bar</span><span style="color:#ECEFF4"> ()</span><span style="color:#ECEFF4"> {</span></span>
<span class="line highlighted"><span style="color:#81A1C1">  return</span><span style="color:#B48EAD"> 1024</span></span>
<span class="line highlighted"><span style="color:#ECEFF4">}</span></span>
<span class="line"></span>
<span class="line"><span style="color:#81A1C1">const</span><span style="color:#88C0D0"> baz</span><span style="color:#81A1C1"> =</span><span style="color:#ECEFF4"> ()</span><span style="color:#81A1C1"> =></span><span style="color:#ECEFF4"> {</span></span>
<span class="line"><span style="color:#81A1C1">  return</span><span style="color:#B48EAD"> 2048</span></span>
<span class="line"><span style="color:#ECEFF4">}</span></span></code></pre>
</div><div class="language-ts" data-highlighter="shiki" data-ext="ts" data-title="ts" style="background-color:#2e3440ff;color:#d8dee9ff"><pre class="shiki nord vp-code"><code><span class="line"><span style="color:#D8DEE9">console</span><span style="color:#ECEFF4">.</span><span style="color:#88C0D0">log</span><span style="color:#D8DEE9FF">(</span><span style="color:#ECEFF4">'</span><span style="color:#A3BE8C">1 + 2 + 3 =</span><span style="color:#ECEFF4">'</span><span style="color:#81A1C1"> +</span><span style="color:#D8DEE9"> {{ 1 + 2 + 3 }}</span><span style="color:#D8DEE9FF">)</span></span></code></pre>
</div><p><code>{{ inlineCode }}</code></p>
"
`;

exports[`@vuepress/plugin-shiki > fence preWrapper > plugin options > should disable \`preWrapper\` 1`] = `
"<pre class="language-" class="shiki nord vp-code" style="background-color:#2e3440ff;color:#d8dee9ff"><code><span class="line"><span>Raw text</span></span></code></pre>
<pre class="language-ts" class="shiki nord vp-code" style="background-color:#2e3440ff;color:#d8dee9ff"><code><span class="line"><span style="color:#81A1C1">const</span><span style="color:#D8DEE9"> foo</span><span style="color:#81A1C1"> =</span><span style="color:#ECEFF4"> '</span><span style="color:#A3BE8C">foo</span><span style="color:#ECEFF4">'</span></span>
<span class="line"></span>
<span class="line"><span style="color:#81A1C1">function</span><span style="color:#88C0D0"> bar</span><span style="color:#ECEFF4"> ()</span><span style="color:#ECEFF4"> {</span></span>
<span class="line"><span style="color:#81A1C1">  return</span><span style="color:#B48EAD"> 1024</span></span>
<span class="line"><span style="color:#ECEFF4">}</span></span></code></pre>
<pre class="language-ts" class="shiki nord vp-code" style="background-color:#2e3440ff;color:#d8dee9ff"><code><span class="line highlighted"><span style="color:#81A1C1">const</span><span style="color:#D8DEE9"> foo</span><span style="color:#81A1C1"> =</span><span style="color:#ECEFF4"> '</span><span style="color:#A3BE8C">foo</span><span style="color:#ECEFF4">'</span></span>
<span class="line highlighted"><wbr></span>
<span class="line"><span style="color:#81A1C1">function</span><span style="color:#88C0D0"> bar</span><span style="color:#ECEFF4"> ()</span><span style="color:#ECEFF4"> {</span></span>
<span class="line"><span style="color:#81A1C1">  return</span><span style="color:#B48EAD"> 1024</span></span>
<span class="line"><span style="color:#ECEFF4">}</span></span></code></pre>
<pre class="language-ts" class="shiki nord vp-code" style="background-color:#2e3440ff;color:#d8dee9ff"><code><span class="line highlighted"><span style="color:#81A1C1">const</span><span style="color:#D8DEE9"> foo</span><span style="color:#81A1C1"> =</span><span style="color:#ECEFF4"> '</span><span style="color:#A3BE8C">foo</span><span style="color:#ECEFF4">'</span></span>
<span class="line highlighted"><wbr></span>
<span class="line highlighted"><span style="color:#81A1C1">function</span><span style="color:#88C0D0"> bar</span><span style="color:#ECEFF4"> ()</span><span style="color:#ECEFF4"> {</span></span>
<span class="line highlighted"><span style="color:#81A1C1">  return</span><span style="color:#B48EAD"> 1024</span></span>
<span class="line highlighted"><span style="color:#ECEFF4">}</span></span>
<span class="line"></span>
<span class="line"><span style="color:#81A1C1">const</span><span style="color:#88C0D0"> baz</span><span style="color:#81A1C1"> =</span><span style="color:#ECEFF4"> ()</span><span style="color:#81A1C1"> =></span><span style="color:#ECEFF4"> {</span></span>
<span class="line"><span style="color:#81A1C1">  return</span><span style="color:#B48EAD"> 2048</span></span>
<span class="line"><span style="color:#ECEFF4">}</span></span></code></pre>
<pre class="language-ts" class="shiki nord vp-code" style="background-color:#2e3440ff;color:#d8dee9ff"><code><span class="line"><span style="color:#D8DEE9">console</span><span style="color:#ECEFF4">.</span><span style="color:#88C0D0">log</span><span style="color:#D8DEE9FF">(</span><span style="color:#ECEFF4">'</span><span style="color:#A3BE8C">1 + 2 + 3 =</span><span style="color:#ECEFF4">'</span><span style="color:#81A1C1"> +</span><span style="color:#D8DEE9"> {{ 1 + 2 + 3 }}</span><span style="color:#D8DEE9FF">)</span></span></code></pre>
<p><code>{{ inlineCode }}</code></p>
"
`;

exports[`@vuepress/plugin-shiki > fence preWrapper > plugin options > should enable \`lineNumbers\` according to number of code lines 1`] = `
"<div class="language-" data-highlighter="shiki" data-ext="" data-title="" style="background-color:#2e3440ff;color:#d8dee9ff"><pre class="shiki nord vp-code"><code><span class="line"><span>Raw text</span></span></code></pre>
</div><div class="language-ts line-numbers-mode" data-highlighter="shiki" data-ext="ts" data-title="ts" style="background-color:#2e3440ff;color:#d8dee9ff"><pre class="shiki nord vp-code"><code><span class="line"><span style="color:#81A1C1">const</span><span style="color:#D8DEE9"> foo</span><span style="color:#81A1C1"> =</span><span style="color:#ECEFF4"> '</span><span style="color:#A3BE8C">foo</span><span style="color:#ECEFF4">'</span></span>
<span class="line"></span>
<span class="line"><span style="color:#81A1C1">function</span><span style="color:#88C0D0"> bar</span><span style="color:#ECEFF4"> ()</span><span style="color:#ECEFF4"> {</span></span>
<span class="line"><span style="color:#81A1C1">  return</span><span style="color:#B48EAD"> 1024</span></span>
<span class="line"><span style="color:#ECEFF4">}</span></span></code></pre>
<div class="line-numbers" aria-hidden="true" style="counter-reset:line-number 0"><div class="line-number"></div><div class="line-number"></div><div class="line-number"></div><div class="line-number"></div><div class="line-number"></div></div></div><div class="language-ts line-numbers-mode" data-highlighter="shiki" data-ext="ts" data-title="ts" style="background-color:#2e3440ff;color:#d8dee9ff"><pre class="shiki nord vp-code"><code><span class="line highlighted"><span style="color:#81A1C1">const</span><span style="color:#D8DEE9"> foo</span><span style="color:#81A1C1"> =</span><span style="color:#ECEFF4"> '</span><span style="color:#A3BE8C">foo</span><span style="color:#ECEFF4">'</span></span>
<span class="line highlighted"><wbr></span>
<span class="line"><span style="color:#81A1C1">function</span><span style="color:#88C0D0"> bar</span><span style="color:#ECEFF4"> ()</span><span style="color:#ECEFF4"> {</span></span>
<span class="line"><span style="color:#81A1C1">  return</span><span style="color:#B48EAD"> 1024</span></span>
<span class="line"><span style="color:#ECEFF4">}</span></span></code></pre>
<div class="line-numbers" aria-hidden="true" style="counter-reset:line-number 0"><div class="line-number"></div><div class="line-number"></div><div class="line-number"></div><div class="line-number"></div><div class="line-number"></div></div></div><div class="language-ts line-numbers-mode" data-highlighter="shiki" data-ext="ts" data-title="config/foo.ts" style="background-color:#2e3440ff;color:#d8dee9ff"><pre class="shiki nord vp-code"><code><span class="line highlighted"><span style="color:#81A1C1">const</span><span style="color:#D8DEE9"> foo</span><span style="color:#81A1C1"> =</span><span style="color:#ECEFF4"> '</span><span style="color:#A3BE8C">foo</span><span style="color:#ECEFF4">'</span></span>
<span class="line highlighted"><wbr></span>
<span class="line highlighted"><span style="color:#81A1C1">function</span><span style="color:#88C0D0"> bar</span><span style="color:#ECEFF4"> ()</span><span style="color:#ECEFF4"> {</span></span>
<span class="line highlighted"><span style="color:#81A1C1">  return</span><span style="color:#B48EAD"> 1024</span></span>
<span class="line highlighted"><span style="color:#ECEFF4">}</span></span>
<span class="line"></span>
<span class="line"><span style="color:#81A1C1">const</span><span style="color:#88C0D0"> baz</span><span style="color:#81A1C1"> =</span><span style="color:#ECEFF4"> ()</span><span style="color:#81A1C1"> =></span><span style="color:#ECEFF4"> {</span></span>
<span class="line"><span style="color:#81A1C1">  return</span><span style="color:#B48EAD"> 2048</span></span>
<span class="line"><span style="color:#ECEFF4">}</span></span></code></pre>
<div class="line-numbers" aria-hidden="true" style="counter-reset:line-number 0"><div class="line-number"></div><div class="line-number"></div><div class="line-number"></div><div class="line-number"></div><div class="line-number"></div><div class="line-number"></div><div class="line-number"></div><div class="line-number"></div><div class="line-number"></div></div></div><div class="language-ts" data-highlighter="shiki" data-ext="ts" data-title="ts" style="background-color:#2e3440ff;color:#d8dee9ff"><pre class="shiki nord vp-code"><code><span class="line"><span style="color:#D8DEE9">console</span><span style="color:#ECEFF4">.</span><span style="color:#88C0D0">log</span><span style="color:#D8DEE9FF">(</span><span style="color:#ECEFF4">'</span><span style="color:#A3BE8C">1 + 2 + 3 =</span><span style="color:#ECEFF4">'</span><span style="color:#81A1C1"> +</span><span style="color:#D8DEE9"> {{ 1 + 2 + 3 }}</span><span style="color:#D8DEE9FF">)</span></span></code></pre>
</div><p><code>{{ inlineCode }}</code></p>
"
`;

exports[`@vuepress/plugin-shiki > fence preWrapper > plugin options > should process code fences with default options 1`] = `
"<div class="language- line-numbers-mode" data-highlighter="shiki" data-ext="" data-title="" style="background-color:#2e3440ff;color:#d8dee9ff"><pre class="shiki nord vp-code"><code><span class="line"><span>Raw text</span></span></code></pre>
<div class="line-numbers" aria-hidden="true" style="counter-reset:line-number 0"><div class="line-number"></div></div></div><div class="language-ts line-numbers-mode" data-highlighter="shiki" data-ext="ts" data-title="ts" style="background-color:#2e3440ff;color:#d8dee9ff"><pre class="shiki nord vp-code"><code><span class="line"><span style="color:#81A1C1">const</span><span style="color:#D8DEE9"> foo</span><span style="color:#81A1C1"> =</span><span style="color:#ECEFF4"> '</span><span style="color:#A3BE8C">foo</span><span style="color:#ECEFF4">'</span></span>
<span class="line"></span>
<span class="line"><span style="color:#81A1C1">function</span><span style="color:#88C0D0"> bar</span><span style="color:#ECEFF4"> ()</span><span style="color:#ECEFF4"> {</span></span>
<span class="line"><span style="color:#81A1C1">  return</span><span style="color:#B48EAD"> 1024</span></span>
<span class="line"><span style="color:#ECEFF4">}</span></span></code></pre>
<div class="line-numbers" aria-hidden="true" style="counter-reset:line-number 0"><div class="line-number"></div><div class="line-number"></div><div class="line-number"></div><div class="line-number"></div><div class="line-number"></div></div></div><div class="language-ts line-numbers-mode" data-highlighter="shiki" data-ext="ts" data-title="ts" style="background-color:#2e3440ff;color:#d8dee9ff"><pre class="shiki nord vp-code"><code><span class="line highlighted"><span style="color:#81A1C1">const</span><span style="color:#D8DEE9"> foo</span><span style="color:#81A1C1"> =</span><span style="color:#ECEFF4"> '</span><span style="color:#A3BE8C">foo</span><span style="color:#ECEFF4">'</span></span>
<span class="line highlighted"><wbr></span>
<span class="line"><span style="color:#81A1C1">function</span><span style="color:#88C0D0"> bar</span><span style="color:#ECEFF4"> ()</span><span style="color:#ECEFF4"> {</span></span>
<span class="line"><span style="color:#81A1C1">  return</span><span style="color:#B48EAD"> 1024</span></span>
<span class="line"><span style="color:#ECEFF4">}</span></span></code></pre>
<div class="line-numbers" aria-hidden="true" style="counter-reset:line-number 0"><div class="line-number"></div><div class="line-number"></div><div class="line-number"></div><div class="line-number"></div><div class="line-number"></div></div></div><div class="language-ts line-numbers-mode" data-highlighter="shiki" data-ext="ts" data-title="config/foo.ts" style="background-color:#2e3440ff;color:#d8dee9ff"><pre class="shiki nord vp-code"><code><span class="line highlighted"><span style="color:#81A1C1">const</span><span style="color:#D8DEE9"> foo</span><span style="color:#81A1C1"> =</span><span style="color:#ECEFF4"> '</span><span style="color:#A3BE8C">foo</span><span style="color:#ECEFF4">'</span></span>
<span class="line highlighted"><wbr></span>
<span class="line highlighted"><span style="color:#81A1C1">function</span><span style="color:#88C0D0"> bar</span><span style="color:#ECEFF4"> ()</span><span style="color:#ECEFF4"> {</span></span>
<span class="line highlighted"><span style="color:#81A1C1">  return</span><span style="color:#B48EAD"> 1024</span></span>
<span class="line highlighted"><span style="color:#ECEFF4">}</span></span>
<span class="line"></span>
<span class="line"><span style="color:#81A1C1">const</span><span style="color:#88C0D0"> baz</span><span style="color:#81A1C1"> =</span><span style="color:#ECEFF4"> ()</span><span style="color:#81A1C1"> =></span><span style="color:#ECEFF4"> {</span></span>
<span class="line"><span style="color:#81A1C1">  return</span><span style="color:#B48EAD"> 2048</span></span>
<span class="line"><span style="color:#ECEFF4">}</span></span></code></pre>
<div class="line-numbers" aria-hidden="true" style="counter-reset:line-number 0"><div class="line-number"></div><div class="line-number"></div><div class="line-number"></div><div class="line-number"></div><div class="line-number"></div><div class="line-number"></div><div class="line-number"></div><div class="line-number"></div><div class="line-number"></div></div></div><div class="language-ts line-numbers-mode" data-highlighter="shiki" data-ext="ts" data-title="ts" style="background-color:#2e3440ff;color:#d8dee9ff"><pre class="shiki nord vp-code"><code><span class="line"><span style="color:#D8DEE9">console</span><span style="color:#ECEFF4">.</span><span style="color:#88C0D0">log</span><span style="color:#D8DEE9FF">(</span><span style="color:#ECEFF4">'</span><span style="color:#A3BE8C">1 + 2 + 3 =</span><span style="color:#ECEFF4">'</span><span style="color:#81A1C1"> +</span><span style="color:#D8DEE9"> {{ 1 + 2 + 3 }}</span><span style="color:#D8DEE9FF">)</span></span></code></pre>
<div class="line-numbers" aria-hidden="true" style="counter-reset:line-number 0"><div class="line-number"></div></div></div><p><code>{{ inlineCode }}</code></p>
"
`;

exports[`@vuepress/plugin-shiki > fence preWrapper > render whitespace > should work whitespace with \`all\` option 1`] = `
"<div class="language- line-numbers-mode" data-highlighter="shiki" data-ext="" data-title="" style="background-color:#2e3440ff;color:#d8dee9ff"><pre class="shiki nord vp-code"><code><span class="line"><span>function</span><span class="space"> </span><span>foo</span><span class="space"> </span><span>()</span><span class="space"> </span><span>{</span><span class="space"> </span><span class="space"> </span><span>return</span><span class="space"> </span><span>'foo'</span><span class="space"> </span><span class="space"> </span></span>
<span class="line"><span>}</span></span></code></pre>
<div class="line-numbers" aria-hidden="true" style="counter-reset:line-number 0"><div class="line-number"></div><div class="line-number"></div></div></div><div class="language-js line-numbers-mode" data-highlighter="shiki" data-ext="js" data-title="js" style="background-color:#2e3440ff;color:#d8dee9ff"><pre class="shiki nord vp-code"><code><span class="line"><span style="color:#81A1C1">function</span><span class="space"> </span><span style="color:#88C0D0">foo</span><span class="space"> </span><span style="color:#ECEFF4">()</span><span class="space"> </span><span style="color:#ECEFF4">{</span></span>
<span class="line"><span class="tab">	</span><span style="color:#81A1C1">const</span><span class="space"> </span><span style="color:#D8DEE9">foo</span><span class="space"> </span><span style="color:#81A1C1">=</span><span class="space"> </span><span style="color:#ECEFF4">'</span><span style="color:#A3BE8C">foo</span><span style="color:#ECEFF4">'</span></span>
<span class="line"><span class="tab">	</span><span style="color:#81A1C1">if</span><span class="space"> </span><span style="color:#D8DEE9FF">(</span><span style="color:#D8DEE9">foo</span><span class="space"> </span><span style="color:#81A1C1">===</span><span class="space"> </span><span style="color:#ECEFF4">'</span><span style="color:#A3BE8C">foo</span><span style="color:#ECEFF4">'</span><span style="color:#D8DEE9FF">)</span><span class="space"> </span><span style="color:#ECEFF4">{</span></span>
<span class="line"><span class="tab">	</span><span class="tab">	</span><span style="color:#81A1C1">return</span><span class="space"> </span><span style="color:#ECEFF4">'</span><span style="color:#A3BE8C">bar</span><span style="color:#ECEFF4">'</span></span>
<span class="line"><span class="tab">	</span><span style="color:#ECEFF4">}</span></span>
<span class="line"><span class="tab">	</span><span style="color:#81A1C1">return</span><span class="space"> </span><span style="color:#ECEFF4">'</span><span style="color:#A3BE8C">foo</span><span style="color:#ECEFF4">'</span></span>
<span class="line"><span style="color:#ECEFF4">}</span></span></code></pre>
<div class="line-numbers" aria-hidden="true" style="counter-reset:line-number 0"><div class="line-number"></div><div class="line-number"></div><div class="line-number"></div><div class="line-number"></div><div class="line-number"></div><div class="line-number"></div><div class="line-number"></div></div></div><div class="language-js line-numbers-mode" data-highlighter="shiki" data-ext="js" data-title="js" style="background-color:#2e3440ff;color:#d8dee9ff"><pre class="shiki nord vp-code"><code><span class="line"><span style="color:#81A1C1">function</span><span style="color:#88C0D0"> foo</span><span style="color:#ECEFF4"> ()</span><span style="color:#ECEFF4"> {</span></span>
<span class="line"><span class="space"> </span><span class="space"> </span><span style="color:#81A1C1">const</span><span style="color:#D8DEE9"> foo</span><span style="color:#81A1C1"> =</span><span style="color:#ECEFF4"> '</span><span style="color:#A3BE8C">foo</span><span style="color:#ECEFF4">'</span><span class="space"> </span><span class="space"> </span></span>
<span class="line"><span class="space"> </span><span class="space"> </span><span style="color:#81A1C1">return</span><span style="color:#ECEFF4"> '</span><span style="color:#A3BE8C">foo</span><span style="color:#ECEFF4">'</span><span class="space"> </span><span class="space"> </span></span>
<span class="line"><span style="color:#ECEFF4">}</span></span></code></pre>
<div class="line-numbers" aria-hidden="true" style="counter-reset:line-number 0"><div class="line-number"></div><div class="line-number"></div><div class="line-number"></div><div class="line-number"></div></div></div><div class="language-js line-numbers-mode" data-highlighter="shiki" data-ext="js" data-title="js" style="background-color:#2e3440ff;color:#d8dee9ff"><pre class="shiki nord vp-code"><code><span class="line"><span style="color:#81A1C1">function</span><span style="color:#88C0D0"> foo</span><span style="color:#ECEFF4"> ()</span><span style="color:#ECEFF4"> {</span></span>
<span class="line"><span style="color:#81A1C1">  const</span><span style="color:#D8DEE9"> foo</span><span style="color:#81A1C1"> =</span><span style="color:#ECEFF4"> '</span><span style="color:#A3BE8C">foo</span><span style="color:#ECEFF4">'</span><span style="color:#D8DEE9FF"></span><span class="space"> </span><span class="space"> </span></span>
<span class="line"><span style="color:#81A1C1">  return</span><span style="color:#ECEFF4"> '</span><span style="color:#A3BE8C">foo</span><span style="color:#ECEFF4">'</span><span style="color:#D8DEE9FF"></span><span class="space"> </span><span class="space"> </span></span>
<span class="line"><span style="color:#ECEFF4">}</span></span>
<span class="line"><span style="color:#D8DEE9FF">}</span></span></code></pre>
<div class="line-numbers" aria-hidden="true" style="counter-reset:line-number 0"><div class="line-number"></div><div class="line-number"></div><div class="line-number"></div><div class="line-number"></div><div class="line-number"></div></div></div><div class="language-js line-numbers-mode" data-highlighter="shiki" data-ext="js" data-title="js" style="background-color:#2e3440ff;color:#d8dee9ff"><pre class="shiki nord vp-code"><code><span class="line"><span style="color:#81A1C1">function</span><span class="space"> </span><span style="color:#88C0D0">foo</span><span class="space"> </span><span style="color:#ECEFF4">()</span><span class="space"> </span><span style="color:#ECEFF4">{</span></span>
<span class="line"><span class="space"> </span><span class="space"> </span><span style="color:#81A1C1">const</span><span class="space"> </span><span style="color:#D8DEE9">foo</span><span class="space"> </span><span style="color:#81A1C1">=</span><span class="space"> </span><span style="color:#ECEFF4">'</span><span style="color:#A3BE8C">foo</span><span style="color:#ECEFF4">'</span><span class="space"> </span><span class="space"> </span></span>
<span class="line"><span class="space"> </span><span class="space"> </span><span style="color:#81A1C1">return</span><span class="space"> </span><span style="color:#ECEFF4">'</span><span style="color:#A3BE8C">foo</span><span style="color:#ECEFF4">'</span></span>
<span class="line"><span style="color:#ECEFF4">}</span></span></code></pre>
<div class="line-numbers" aria-hidden="true" style="counter-reset:line-number 0"><div class="line-number"></div><div class="line-number"></div><div class="line-number"></div><div class="line-number"></div></div></div>"
`;

exports[`@vuepress/plugin-shiki > fence preWrapper > render whitespace > should work whitespace with \`boundary\` option 1`] = `
"<div class="language- line-numbers-mode" data-highlighter="shiki" data-ext="" data-title="" style="background-color:#2e3440ff;color:#d8dee9ff"><pre class="shiki nord vp-code"><code><span class="line"><span>function foo () {</span><span class="space"> </span><span class="space"> </span><span>return 'foo'</span><span class="space"> </span><span class="space"> </span></span>
<span class="line"><span>}</span></span></code></pre>
<div class="line-numbers" aria-hidden="true" style="counter-reset:line-number 0"><div class="line-number"></div><div class="line-number"></div></div></div><div class="language-js line-numbers-mode" data-highlighter="shiki" data-ext="js" data-title="js" style="background-color:#2e3440ff;color:#d8dee9ff"><pre class="shiki nord vp-code"><code><span class="line"><span style="color:#81A1C1">function</span><span style="color:#88C0D0"> foo</span><span style="color:#ECEFF4"> ()</span><span style="color:#ECEFF4"> {</span></span>
<span class="line"><span class="tab">	</span><span style="color:#81A1C1">const</span><span style="color:#D8DEE9"> foo</span><span style="color:#81A1C1"> =</span><span style="color:#ECEFF4"> '</span><span style="color:#A3BE8C">foo</span><span style="color:#ECEFF4">'</span></span>
<span class="line"><span class="tab">	</span><span style="color:#81A1C1">if</span><span style="color:#D8DEE9FF"> (</span><span style="color:#D8DEE9">foo</span><span style="color:#81A1C1"> ===</span><span style="color:#ECEFF4"> '</span><span style="color:#A3BE8C">foo</span><span style="color:#ECEFF4">'</span><span style="color:#D8DEE9FF">) </span><span style="color:#ECEFF4">{</span></span>
<span class="line"><span class="tab">	</span><span class="tab">	</span><span style="color:#81A1C1">return</span><span style="color:#ECEFF4"> '</span><span style="color:#A3BE8C">bar</span><span style="color:#ECEFF4">'</span></span>
<span class="line"><span class="tab">	</span><span style="color:#ECEFF4">}</span></span>
<span class="line"><span class="tab">	</span><span style="color:#81A1C1">return</span><span style="color:#ECEFF4"> '</span><span style="color:#A3BE8C">foo</span><span style="color:#ECEFF4">'</span></span>
<span class="line"><span style="color:#ECEFF4">}</span></span></code></pre>
<div class="line-numbers" aria-hidden="true" style="counter-reset:line-number 0"><div class="line-number"></div><div class="line-number"></div><div class="line-number"></div><div class="line-number"></div><div class="line-number"></div><div class="line-number"></div><div class="line-number"></div></div></div><div class="language-js line-numbers-mode" data-highlighter="shiki" data-ext="js" data-title="js" style="background-color:#2e3440ff;color:#d8dee9ff"><pre class="shiki nord vp-code"><code><span class="line"><span style="color:#81A1C1">function</span><span style="color:#88C0D0"> foo</span><span style="color:#ECEFF4"> ()</span><span style="color:#ECEFF4"> {</span></span>
<span class="line"><span class="space"> </span><span class="space"> </span><span style="color:#81A1C1">const</span><span style="color:#D8DEE9"> foo</span><span style="color:#81A1C1"> =</span><span style="color:#ECEFF4"> '</span><span style="color:#A3BE8C">foo</span><span style="color:#ECEFF4">'</span><span class="space"> </span><span class="space"> </span></span>
<span class="line"><span class="space"> </span><span class="space"> </span><span style="color:#81A1C1">return</span><span style="color:#ECEFF4"> '</span><span style="color:#A3BE8C">foo</span><span style="color:#ECEFF4">'</span><span class="space"> </span><span class="space"> </span></span>
<span class="line"><span style="color:#ECEFF4">}</span></span></code></pre>
<div class="line-numbers" aria-hidden="true" style="counter-reset:line-number 0"><div class="line-number"></div><div class="line-number"></div><div class="line-number"></div><div class="line-number"></div></div></div><div class="language-js line-numbers-mode" data-highlighter="shiki" data-ext="js" data-title="js" style="background-color:#2e3440ff;color:#d8dee9ff"><pre class="shiki nord vp-code"><code><span class="line"><span style="color:#81A1C1">function</span><span style="color:#88C0D0"> foo</span><span style="color:#ECEFF4"> ()</span><span style="color:#ECEFF4"> {</span></span>
<span class="line"><span style="color:#81A1C1">  const</span><span style="color:#D8DEE9"> foo</span><span style="color:#81A1C1"> =</span><span style="color:#ECEFF4"> '</span><span style="color:#A3BE8C">foo</span><span style="color:#ECEFF4">'</span><span style="color:#D8DEE9FF"></span><span class="space"> </span><span class="space"> </span></span>
<span class="line"><span style="color:#81A1C1">  return</span><span style="color:#ECEFF4"> '</span><span style="color:#A3BE8C">foo</span><span style="color:#ECEFF4">'</span><span style="color:#D8DEE9FF"></span><span class="space"> </span><span class="space"> </span></span>
<span class="line"><span style="color:#ECEFF4">}</span></span>
<span class="line"><span style="color:#D8DEE9FF">}</span></span></code></pre>
<div class="line-numbers" aria-hidden="true" style="counter-reset:line-number 0"><div class="line-number"></div><div class="line-number"></div><div class="line-number"></div><div class="line-number"></div><div class="line-number"></div></div></div><div class="language-js line-numbers-mode" data-highlighter="shiki" data-ext="js" data-title="js" style="background-color:#2e3440ff;color:#d8dee9ff"><pre class="shiki nord vp-code"><code><span class="line"><span style="color:#81A1C1">function</span><span class="space"> </span><span style="color:#88C0D0">foo</span><span class="space"> </span><span style="color:#ECEFF4">()</span><span class="space"> </span><span style="color:#ECEFF4">{</span></span>
<span class="line"><span class="space"> </span><span class="space"> </span><span style="color:#81A1C1">const</span><span class="space"> </span><span style="color:#D8DEE9">foo</span><span class="space"> </span><span style="color:#81A1C1">=</span><span class="space"> </span><span style="color:#ECEFF4">'</span><span style="color:#A3BE8C">foo</span><span style="color:#ECEFF4">'</span><span class="space"> </span><span class="space"> </span></span>
<span class="line"><span class="space"> </span><span class="space"> </span><span style="color:#81A1C1">return</span><span class="space"> </span><span style="color:#ECEFF4">'</span><span style="color:#A3BE8C">foo</span><span style="color:#ECEFF4">'</span></span>
<span class="line"><span style="color:#ECEFF4">}</span></span></code></pre>
<div class="line-numbers" aria-hidden="true" style="counter-reset:line-number 0"><div class="line-number"></div><div class="line-number"></div><div class="line-number"></div><div class="line-number"></div></div></div>"
`;

exports[`@vuepress/plugin-shiki > fence preWrapper > render whitespace > should work whitespace with \`false\` option 1`] = `
"<div class="language- line-numbers-mode" data-highlighter="shiki" data-ext="" data-title="" style="background-color:#2e3440ff;color:#d8dee9ff"><pre class="shiki nord vp-code"><code><span class="line"><span>function foo () {  return 'foo'  </span></span>
<span class="line"><span>}</span></span></code></pre>
<div class="line-numbers" aria-hidden="true" style="counter-reset:line-number 0"><div class="line-number"></div><div class="line-number"></div></div></div><div class="language-js line-numbers-mode" data-highlighter="shiki" data-ext="js" data-title="js" style="background-color:#2e3440ff;color:#d8dee9ff"><pre class="shiki nord vp-code"><code><span class="line"><span style="color:#81A1C1">function</span><span class="space"> </span><span style="color:#88C0D0">foo</span><span class="space"> </span><span style="color:#ECEFF4">()</span><span class="space"> </span><span style="color:#ECEFF4">{</span></span>
<span class="line"><span class="tab">	</span><span style="color:#81A1C1">const</span><span class="space"> </span><span style="color:#D8DEE9">foo</span><span class="space"> </span><span style="color:#81A1C1">=</span><span class="space"> </span><span style="color:#ECEFF4">'</span><span style="color:#A3BE8C">foo</span><span style="color:#ECEFF4">'</span></span>
<span class="line"><span class="tab">	</span><span style="color:#81A1C1">if</span><span class="space"> </span><span style="color:#D8DEE9FF">(</span><span style="color:#D8DEE9">foo</span><span class="space"> </span><span style="color:#81A1C1">===</span><span class="space"> </span><span style="color:#ECEFF4">'</span><span style="color:#A3BE8C">foo</span><span style="color:#ECEFF4">'</span><span style="color:#D8DEE9FF">)</span><span class="space"> </span><span style="color:#ECEFF4">{</span></span>
<span class="line"><span class="tab">	</span><span class="tab">	</span><span style="color:#81A1C1">return</span><span class="space"> </span><span style="color:#ECEFF4">'</span><span style="color:#A3BE8C">bar</span><span style="color:#ECEFF4">'</span></span>
<span class="line"><span class="tab">	</span><span style="color:#ECEFF4">}</span></span>
<span class="line"><span class="tab">	</span><span style="color:#81A1C1">return</span><span class="space"> </span><span style="color:#ECEFF4">'</span><span style="color:#A3BE8C">foo</span><span style="color:#ECEFF4">'</span></span>
<span class="line"><span style="color:#ECEFF4">}</span></span></code></pre>
<div class="line-numbers" aria-hidden="true" style="counter-reset:line-number 0"><div class="line-number"></div><div class="line-number"></div><div class="line-number"></div><div class="line-number"></div><div class="line-number"></div><div class="line-number"></div><div class="line-number"></div></div></div><div class="language-js line-numbers-mode" data-highlighter="shiki" data-ext="js" data-title="js" style="background-color:#2e3440ff;color:#d8dee9ff"><pre class="shiki nord vp-code"><code><span class="line"><span style="color:#81A1C1">function</span><span style="color:#88C0D0"> foo</span><span style="color:#ECEFF4"> ()</span><span style="color:#ECEFF4"> {</span></span>
<span class="line"><span class="space"> </span><span class="space"> </span><span style="color:#81A1C1">const</span><span style="color:#D8DEE9"> foo</span><span style="color:#81A1C1"> =</span><span style="color:#ECEFF4"> '</span><span style="color:#A3BE8C">foo</span><span style="color:#ECEFF4">'</span><span class="space"> </span><span class="space"> </span></span>
<span class="line"><span class="space"> </span><span class="space"> </span><span style="color:#81A1C1">return</span><span style="color:#ECEFF4"> '</span><span style="color:#A3BE8C">foo</span><span style="color:#ECEFF4">'</span><span class="space"> </span><span class="space"> </span></span>
<span class="line"><span style="color:#ECEFF4">}</span></span></code></pre>
<div class="line-numbers" aria-hidden="true" style="counter-reset:line-number 0"><div class="line-number"></div><div class="line-number"></div><div class="line-number"></div><div class="line-number"></div></div></div><div class="language-js line-numbers-mode" data-highlighter="shiki" data-ext="js" data-title="js" style="background-color:#2e3440ff;color:#d8dee9ff"><pre class="shiki nord vp-code"><code><span class="line"><span style="color:#81A1C1">function</span><span style="color:#88C0D0"> foo</span><span style="color:#ECEFF4"> ()</span><span style="color:#ECEFF4"> {</span></span>
<span class="line"><span style="color:#81A1C1">  const</span><span style="color:#D8DEE9"> foo</span><span style="color:#81A1C1"> =</span><span style="color:#ECEFF4"> '</span><span style="color:#A3BE8C">foo</span><span style="color:#ECEFF4">'</span><span style="color:#D8DEE9FF"></span><span class="space"> </span><span class="space"> </span></span>
<span class="line"><span style="color:#81A1C1">  return</span><span style="color:#ECEFF4"> '</span><span style="color:#A3BE8C">foo</span><span style="color:#ECEFF4">'</span><span style="color:#D8DEE9FF"></span><span class="space"> </span><span class="space"> </span></span>
<span class="line"><span style="color:#ECEFF4">}</span></span>
<span class="line"><span style="color:#D8DEE9FF">}</span></span></code></pre>
<div class="line-numbers" aria-hidden="true" style="counter-reset:line-number 0"><div class="line-number"></div><div class="line-number"></div><div class="line-number"></div><div class="line-number"></div><div class="line-number"></div></div></div><div class="language-js line-numbers-mode" data-highlighter="shiki" data-ext="js" data-title="js" style="background-color:#2e3440ff;color:#d8dee9ff"><pre class="shiki nord vp-code"><code><span class="line"><span style="color:#81A1C1">function</span><span class="space"> </span><span style="color:#88C0D0">foo</span><span class="space"> </span><span style="color:#ECEFF4">()</span><span class="space"> </span><span style="color:#ECEFF4">{</span></span>
<span class="line"><span class="space"> </span><span class="space"> </span><span style="color:#81A1C1">const</span><span class="space"> </span><span style="color:#D8DEE9">foo</span><span class="space"> </span><span style="color:#81A1C1">=</span><span class="space"> </span><span style="color:#ECEFF4">'</span><span style="color:#A3BE8C">foo</span><span style="color:#ECEFF4">'</span><span class="space"> </span><span class="space"> </span></span>
<span class="line"><span class="space"> </span><span class="space"> </span><span style="color:#81A1C1">return</span><span class="space"> </span><span style="color:#ECEFF4">'</span><span style="color:#A3BE8C">foo</span><span style="color:#ECEFF4">'</span></span>
<span class="line"><span style="color:#ECEFF4">}</span></span></code></pre>
<div class="line-numbers" aria-hidden="true" style="counter-reset:line-number 0"><div class="line-number"></div><div class="line-number"></div><div class="line-number"></div><div class="line-number"></div></div></div>"
`;

exports[`@vuepress/plugin-shiki > fence preWrapper > render whitespace > should work whitespace with \`trailing\` option 1`] = `
"<div class="language- line-numbers-mode" data-highlighter="shiki" data-ext="" data-title="" style="background-color:#2e3440ff;color:#d8dee9ff"><pre class="shiki nord vp-code"><code><span class="line"><span>function foo () {  return 'foo'</span><span class="space"> </span><span class="space"> </span></span>
<span class="line"><span>}</span></span></code></pre>
<div class="line-numbers" aria-hidden="true" style="counter-reset:line-number 0"><div class="line-number"></div><div class="line-number"></div></div></div><div class="language-js line-numbers-mode" data-highlighter="shiki" data-ext="js" data-title="js" style="background-color:#2e3440ff;color:#d8dee9ff"><pre class="shiki nord vp-code"><code><span class="line"><span style="color:#81A1C1">function</span><span style="color:#88C0D0"> foo</span><span style="color:#ECEFF4"> ()</span><span style="color:#ECEFF4"> {</span></span>
<span class="line"><span style="color:#81A1C1">	const</span><span style="color:#D8DEE9"> foo</span><span style="color:#81A1C1"> =</span><span style="color:#ECEFF4"> '</span><span style="color:#A3BE8C">foo</span><span style="color:#ECEFF4">'</span></span>
<span class="line"><span style="color:#81A1C1">	if</span><span style="color:#D8DEE9FF"> (</span><span style="color:#D8DEE9">foo</span><span style="color:#81A1C1"> ===</span><span style="color:#ECEFF4"> '</span><span style="color:#A3BE8C">foo</span><span style="color:#ECEFF4">'</span><span style="color:#D8DEE9FF">) </span><span style="color:#ECEFF4">{</span></span>
<span class="line"><span style="color:#81A1C1">		return</span><span style="color:#ECEFF4"> '</span><span style="color:#A3BE8C">bar</span><span style="color:#ECEFF4">'</span></span>
<span class="line"><span style="color:#ECEFF4">	}</span></span>
<span class="line"><span style="color:#81A1C1">	return</span><span style="color:#ECEFF4"> '</span><span style="color:#A3BE8C">foo</span><span style="color:#ECEFF4">'</span></span>
<span class="line"><span style="color:#ECEFF4">}</span></span></code></pre>
<div class="line-numbers" aria-hidden="true" style="counter-reset:line-number 0"><div class="line-number"></div><div class="line-number"></div><div class="line-number"></div><div class="line-number"></div><div class="line-number"></div><div class="line-number"></div><div class="line-number"></div></div></div><div class="language-js line-numbers-mode" data-highlighter="shiki" data-ext="js" data-title="js" style="background-color:#2e3440ff;color:#d8dee9ff"><pre class="shiki nord vp-code"><code><span class="line"><span style="color:#81A1C1">function</span><span style="color:#88C0D0"> foo</span><span style="color:#ECEFF4"> ()</span><span style="color:#ECEFF4"> {</span></span>
<span class="line"><span class="space"> </span><span class="space"> </span><span style="color:#81A1C1">const</span><span style="color:#D8DEE9"> foo</span><span style="color:#81A1C1"> =</span><span style="color:#ECEFF4"> '</span><span style="color:#A3BE8C">foo</span><span style="color:#ECEFF4">'</span><span class="space"> </span><span class="space"> </span></span>
<span class="line"><span class="space"> </span><span class="space"> </span><span style="color:#81A1C1">return</span><span style="color:#ECEFF4"> '</span><span style="color:#A3BE8C">foo</span><span style="color:#ECEFF4">'</span><span class="space"> </span><span class="space"> </span></span>
<span class="line"><span style="color:#ECEFF4">}</span></span></code></pre>
<div class="line-numbers" aria-hidden="true" style="counter-reset:line-number 0"><div class="line-number"></div><div class="line-number"></div><div class="line-number"></div><div class="line-number"></div></div></div><div class="language-js line-numbers-mode" data-highlighter="shiki" data-ext="js" data-title="js" style="background-color:#2e3440ff;color:#d8dee9ff"><pre class="shiki nord vp-code"><code><span class="line"><span style="color:#81A1C1">function</span><span style="color:#88C0D0"> foo</span><span style="color:#ECEFF4"> ()</span><span style="color:#ECEFF4"> {</span></span>
<span class="line"><span style="color:#81A1C1">  const</span><span style="color:#D8DEE9"> foo</span><span style="color:#81A1C1"> =</span><span style="color:#ECEFF4"> '</span><span style="color:#A3BE8C">foo</span><span style="color:#ECEFF4">'</span><span style="color:#D8DEE9FF"></span><span class="space"> </span><span class="space"> </span></span>
<span class="line"><span style="color:#81A1C1">  return</span><span style="color:#ECEFF4"> '</span><span style="color:#A3BE8C">foo</span><span style="color:#ECEFF4">'</span><span style="color:#D8DEE9FF"></span><span class="space"> </span><span class="space"> </span></span>
<span class="line"><span style="color:#ECEFF4">}</span></span>
<span class="line"><span style="color:#D8DEE9FF">}</span></span></code></pre>
<div class="line-numbers" aria-hidden="true" style="counter-reset:line-number 0"><div class="line-number"></div><div class="line-number"></div><div class="line-number"></div><div class="line-number"></div><div class="line-number"></div></div></div><div class="language-js line-numbers-mode" data-highlighter="shiki" data-ext="js" data-title="js" style="background-color:#2e3440ff;color:#d8dee9ff"><pre class="shiki nord vp-code"><code><span class="line"><span style="color:#81A1C1">function</span><span class="space"> </span><span style="color:#88C0D0">foo</span><span class="space"> </span><span style="color:#ECEFF4">()</span><span class="space"> </span><span style="color:#ECEFF4">{</span></span>
<span class="line"><span class="space"> </span><span class="space"> </span><span style="color:#81A1C1">const</span><span class="space"> </span><span style="color:#D8DEE9">foo</span><span class="space"> </span><span style="color:#81A1C1">=</span><span class="space"> </span><span style="color:#ECEFF4">'</span><span style="color:#A3BE8C">foo</span><span style="color:#ECEFF4">'</span><span class="space"> </span><span class="space"> </span></span>
<span class="line"><span class="space"> </span><span class="space"> </span><span style="color:#81A1C1">return</span><span class="space"> </span><span style="color:#ECEFF4">'</span><span style="color:#A3BE8C">foo</span><span style="color:#ECEFF4">'</span></span>
<span class="line"><span style="color:#ECEFF4">}</span></span></code></pre>
<div class="line-numbers" aria-hidden="true" style="counter-reset:line-number 0"><div class="line-number"></div><div class="line-number"></div><div class="line-number"></div><div class="line-number"></div></div></div>"
`;

exports[`@vuepress/plugin-shiki > fence preWrapper > render whitespace > should work whitespace with default options 1`] = `
"<div class="language- line-numbers-mode" data-highlighter="shiki" data-ext="" data-title="" style="background-color:#2e3440ff;color:#d8dee9ff"><pre class="shiki nord vp-code"><code><span class="line"><span>function foo () {  return 'foo'  </span></span>
<span class="line"><span>}</span></span></code></pre>
<div class="line-numbers" aria-hidden="true" style="counter-reset:line-number 0"><div class="line-number"></div><div class="line-number"></div></div></div><div class="language-js line-numbers-mode" data-highlighter="shiki" data-ext="js" data-title="js" style="background-color:#2e3440ff;color:#d8dee9ff"><pre class="shiki nord vp-code"><code><span class="line"><span style="color:#81A1C1">function</span><span class="space"> </span><span style="color:#88C0D0">foo</span><span class="space"> </span><span style="color:#ECEFF4">()</span><span class="space"> </span><span style="color:#ECEFF4">{</span></span>
<span class="line"><span class="tab">	</span><span style="color:#81A1C1">const</span><span class="space"> </span><span style="color:#D8DEE9">foo</span><span class="space"> </span><span style="color:#81A1C1">=</span><span class="space"> </span><span style="color:#ECEFF4">'</span><span style="color:#A3BE8C">foo</span><span style="color:#ECEFF4">'</span></span>
<span class="line"><span class="tab">	</span><span style="color:#81A1C1">if</span><span class="space"> </span><span style="color:#D8DEE9FF">(</span><span style="color:#D8DEE9">foo</span><span class="space"> </span><span style="color:#81A1C1">===</span><span class="space"> </span><span style="color:#ECEFF4">'</span><span style="color:#A3BE8C">foo</span><span style="color:#ECEFF4">'</span><span style="color:#D8DEE9FF">)</span><span class="space"> </span><span style="color:#ECEFF4">{</span></span>
<span class="line"><span class="tab">	</span><span class="tab">	</span><span style="color:#81A1C1">return</span><span class="space"> </span><span style="color:#ECEFF4">'</span><span style="color:#A3BE8C">bar</span><span style="color:#ECEFF4">'</span></span>
<span class="line"><span class="tab">	</span><span style="color:#ECEFF4">}</span></span>
<span class="line"><span class="tab">	</span><span style="color:#81A1C1">return</span><span class="space"> </span><span style="color:#ECEFF4">'</span><span style="color:#A3BE8C">foo</span><span style="color:#ECEFF4">'</span></span>
<span class="line"><span style="color:#ECEFF4">}</span></span></code></pre>
<div class="line-numbers" aria-hidden="true" style="counter-reset:line-number 0"><div class="line-number"></div><div class="line-number"></div><div class="line-number"></div><div class="line-number"></div><div class="line-number"></div><div class="line-number"></div><div class="line-number"></div></div></div><div class="language-js line-numbers-mode" data-highlighter="shiki" data-ext="js" data-title="js" style="background-color:#2e3440ff;color:#d8dee9ff"><pre class="shiki nord vp-code"><code><span class="line"><span style="color:#81A1C1">function</span><span style="color:#88C0D0"> foo</span><span style="color:#ECEFF4"> ()</span><span style="color:#ECEFF4"> {</span></span>
<span class="line"><span class="space"> </span><span class="space"> </span><span style="color:#81A1C1">const</span><span style="color:#D8DEE9"> foo</span><span style="color:#81A1C1"> =</span><span style="color:#ECEFF4"> '</span><span style="color:#A3BE8C">foo</span><span style="color:#ECEFF4">'</span><span class="space"> </span><span class="space"> </span></span>
<span class="line"><span class="space"> </span><span class="space"> </span><span style="color:#81A1C1">return</span><span style="color:#ECEFF4"> '</span><span style="color:#A3BE8C">foo</span><span style="color:#ECEFF4">'</span><span class="space"> </span><span class="space"> </span></span>
<span class="line"><span style="color:#ECEFF4">}</span></span></code></pre>
<div class="line-numbers" aria-hidden="true" style="counter-reset:line-number 0"><div class="line-number"></div><div class="line-number"></div><div class="line-number"></div><div class="line-number"></div></div></div><div class="language-js line-numbers-mode" data-highlighter="shiki" data-ext="js" data-title="js" style="background-color:#2e3440ff;color:#d8dee9ff"><pre class="shiki nord vp-code"><code><span class="line"><span style="color:#81A1C1">function</span><span style="color:#88C0D0"> foo</span><span style="color:#ECEFF4"> ()</span><span style="color:#ECEFF4"> {</span></span>
<span class="line"><span style="color:#81A1C1">  const</span><span style="color:#D8DEE9"> foo</span><span style="color:#81A1C1"> =</span><span style="color:#ECEFF4"> '</span><span style="color:#A3BE8C">foo</span><span style="color:#ECEFF4">'</span><span style="color:#D8DEE9FF"></span><span class="space"> </span><span class="space"> </span></span>
<span class="line"><span style="color:#81A1C1">  return</span><span style="color:#ECEFF4"> '</span><span style="color:#A3BE8C">foo</span><span style="color:#ECEFF4">'</span><span style="color:#D8DEE9FF"></span><span class="space"> </span><span class="space"> </span></span>
<span class="line"><span style="color:#ECEFF4">}</span></span>
<span class="line"><span style="color:#D8DEE9FF">}</span></span></code></pre>
<div class="line-numbers" aria-hidden="true" style="counter-reset:line-number 0"><div class="line-number"></div><div class="line-number"></div><div class="line-number"></div><div class="line-number"></div><div class="line-number"></div></div></div><div class="language-js line-numbers-mode" data-highlighter="shiki" data-ext="js" data-title="js" style="background-color:#2e3440ff;color:#d8dee9ff"><pre class="shiki nord vp-code"><code><span class="line"><span style="color:#81A1C1">function</span><span class="space"> </span><span style="color:#88C0D0">foo</span><span class="space"> </span><span style="color:#ECEFF4">()</span><span class="space"> </span><span style="color:#ECEFF4">{</span></span>
<span class="line"><span class="space"> </span><span class="space"> </span><span style="color:#81A1C1">const</span><span class="space"> </span><span style="color:#D8DEE9">foo</span><span class="space"> </span><span style="color:#81A1C1">=</span><span class="space"> </span><span style="color:#ECEFF4">'</span><span style="color:#A3BE8C">foo</span><span style="color:#ECEFF4">'</span><span class="space"> </span><span class="space"> </span></span>
<span class="line"><span class="space"> </span><span class="space"> </span><span style="color:#81A1C1">return</span><span class="space"> </span><span style="color:#ECEFF4">'</span><span style="color:#A3BE8C">foo</span><span style="color:#ECEFF4">'</span></span>
<span class="line"><span style="color:#ECEFF4">}</span></span></code></pre>
<div class="line-numbers" aria-hidden="true" style="counter-reset:line-number 0"><div class="line-number"></div><div class="line-number"></div><div class="line-number"></div><div class="line-number"></div></div></div>"
`;
